Hello from Q Chat
